Resolving dependencies...
Downloading packages...
  _fe_analyzer_shared 91.0.0 (94.0.0 available)
  analyzer 8.4.1 (10.0.2 available)
  characters 1.4.0 (1.4.1 available)
  connectivity_plus 6.1.5 (7.0.0 available)
  flutter_riverpod 3.1.0 (3.2.0 available)
  google_fonts 7.0.2 (8.0.0 available)
  google_mobile_ads 5.3.1 (7.0.0 available)
  internet_connection_checker 1.0.0+1 (3.0.1 available)
  matcher 0.12.17 (0.12.18 available)
  material_color_utilities 0.11.1 (0.13.0 available)
  meta 1.17.0 (1.18.1 available)
  path_provider_foundation 2.5.1 (2.6.0 available)
  pointycastle 3.9.1 (4.0.0 available)
  riverpod 3.1.0 (3.2.0 available)
  shared_preferences_android 2.4.18 (2.4.20 available)
  test 1.26.3 (1.29.0 available)
  test_api 0.7.7 (0.7.9 available)
  test_core 0.6.12 (0.6.15 available)
  url_launcher_web 2.4.1 (2.4.2 available)
  vector_graphics_compiler 1.1.19 (1.1.20 available)
Got dependencies!
20 packages have newer versions incompatible with dependency constraints.
Try `flutter pub outdated` for more information.
00:00 +0: loading D:/Prismaze2/test/generate_campaign_test.dart
flutter : lib/game/procedural/level_generator.dart:846:81: E
rror: Can't find '}' to match '{'.
At line:1 char:1
+ flutter test test/generate_campaign_test.dart > test_log.t
xt 2>&1
+ ~~~~~~~~~~~~~~~~~~~~~~~~~~~~~~~~~~~~~~~~~~~~~~~~~~~~~~~~~~
~~~~~~~
    + CategoryInfo          : NotSpecified: (lib/game/proce 
   d...' to match '{'.:String) [], RemoteException
    + FullyQualifiedErrorId : NativeCommandError
 
    for (int attempts = 0; attempts < 50 && targets.length <
 count; attempts++) {
                                                            
                    ^
lib/game/procedural/level_generator.dart:844:16: Error: A no
n-null value must be returned since the return type 'List<Ta
rget>' doesn't allow null.
 - 'List' is from 'dart:core'.
 - 'Target' is from 'package:prismaze/game/procedural/models
/game_objects.dart' ('lib/game/procedural/models/game_object
s.dart').
  List<Target> _placeTargetsSimple(Random rng, int count, Se
t<String> occupied, GridPosition sourcePos) {
               ^
00:00 +0 -1: loading D:/Prismaze2/test/generate_campaign_test.dart [E]
  Failed to load "D:/Prismaze2/test/generate_campaign_test.dart":
  Compilation failed for testPath=D:/Prismaze2/test/generate_campaign_test.dart: lib/game/procedural/level_generator.dart:846:81: Error: Can't find '}' to match '{'.
      for (int attempts = 0; attempts < 50 && targets.length < count; attempts++) {
                                                                                  ^
  lib/game/procedural/level_generator.dart:844:16: Error: A non-null value must be returned since the return type 'List<Target>' doesn't allow null.
   - 'List' is from 'dart:core'.
   - 'Target' is from 'package:prismaze/game/procedural/models/game_objects.dart' ('lib/game/procedural/models/game_objects.dart').
    List<Target> _placeTargetsSimple(Random rng, int count, Set<String> occupied, GridPosition sourcePos) {
                 ^
  .
00:00 +0 -1: Some tests failed.
